// Jest Snapshot v1, https://goo.gl/fbAQLP

exports[`click 1`] = `
Object {
  "Options": Object {
    "ID": "component",
    "click": [MockFunction],
    "directives": Object {
      "EventListener": [Function],
      "UpdateOnEvent": [Function],
      "disabled": [Function],
      "onChangeUpdate": [Function],
      "onInputUpdate": [Function],
      "onclick": [Function],
      "oninput": [Function],
      "onload": [Function],
      "onresize": [Function],
      "onscroll": [Function],
      "onselect": [Function],
      "onsubmit": [Function],
      "ref": [Function],
    },
  },
  "html": "<button>click me</button>",
}
`;
