// Jest Snapshot v1, https://goo.gl/fbAQLP

exports[`click 1`] = `
Object {
  "Constructor": "Dummy",
  "Options": Object {
    "ID": "widget",
    "click": [MockFunction],
    "containerSelector": "body",
    "directives": Object {
      "onclick": [Function],
    },
    "types": Array [],
  },
  "html": "<button>click me</button>",
}
`;
